// Jest Snapshot v1, https://goo.gl/fbAQLP

exports[`Title test Title should match snapshot 1`] = `
<div
  className="logo_name"
>
  <img
    alt="logo"
    className="logo-reg"
    src="Logo.svg"
  />
  <h2
    className="MuiTypography-root sign MuiTypography-h2"
  />
</div>
`;
