// Jest Snapshot v1, https://goo.gl/fbAQLP

exports[`dialogView1 test dialogView1 should match snapshot 1`] = `<dialogView1 />`;
