// Jest Snapshot v1, https://goo.gl/fbAQLP

exports[`dialogView2 test dialogView2 should match snapshot 1`] = `<dialogView2 />`;
