// Jest Snapshot v1, https://goo.gl/fbAQLP

exports[`ModalDialog test ModalDialog should match snapshot 1`] = `null`;
