// Jest Snapshot v1, https://goo.gl/fbAQLP

exports[`CheckboxItem test CheckboxItem should match snapshot 1`] = `
<div
  className="form-check"
>
  <label>
    <input
      className="form-check-input"
      type="checkbox"
    />
  </label>
</div>
`;
