// Jest Snapshot v1, https://goo.gl/fbAQLP

exports[`form test form should match snapshot 1`] = `<form />`;
