// Jest Snapshot v1, https://goo.gl/fbAQLP

exports[`BBModal test BBModal should match snapshot 1`] = `null`;
