// Jest Snapshot v1, https://goo.gl/fbAQLP

exports[`BlockFormModal test BlockFormModal should match snapshot 1`] = `null`;
