// Jest Snapshot v1, https://goo.gl/fbAQLP

exports[`ProgressBar test ProgressBar should match snapshot 1`] = `
<div
  className="progress"
>
  <div
    className="progress-done"
    style={Object {}}
  >
    %
  </div>
</div>
`;
